# openos-settingsd 构建失败 (x86)

- 仓库: OPENOS-dev/OPENOS-settingsd
- 运行: https://github.com/OPENOS-dev/OPENOS-settingsd/actions/runs/32000163214
- 提交: 888adb95b71b2d0b9cc2adae86ca488393c7ca8b
- 时间: 2026-08-17T06:07:26Z

## 构建日志尾部
```
The Meson build system
Version: 1.3.2
Source dir: /home/runner/work/OPENOS-settingsd/OPENOS-settingsd
Build dir: /tmp/tmp.W0v45JZp6S/build
Build type: native build
Project name: openos-settingsd
Project version: undefined
C compiler for the host machine: ccache cc (gcc 13.3.0 "cc (Ubuntu 13.3.0-6ubuntu2~24.04.1) 13.3.0")
C linker for the host machine: cc ld.bfd 2.42
Host machine cpu family: x86_64
Host machine cpu: x86_64
Found pkg-config: YES (/usr/bin/pkg-config) 1.8.1
Run-time dependency libsodium found: YES 1.0.18
Build targets in project: 2

openos-settingsd undefined

  User defined options
    buildtype: release
    prefix   : /usr

Found ninja-1.13.2 at /usr/local/bin/ninja
ninja: Entering directory `/tmp/tmp.W0v45JZp6S/build'
[1/4] Compiling C object oak-test-client.p/oak-test-client.c.o
../../../home/runner/work/OPENOS-settingsd/OPENOS-settingsd/oak-test-client.c: In function ‘main’:
../../../home/runner/work/OPENOS-settingsd/OPENOS-settingsd/oak-test-client.c:73:9: warning: ignoring return value of ‘write’ declared with attribute ‘warn_unused_result’ [-Wunused-result]
   73 |         write(fd, req, strlen(req));
      |         ^~~~~~~~~~~~~~~~~~~~~~~~~~~
[2/4] Linking target oak-test-client
[3/4] Compiling C object openos-settingsd.p/openos-settingsd.c.o
../../../home/runner/work/OPENOS-settingsd/OPENOS-settingsd/openos-settingsd.c: In function ‘verify_oak’:
../../../home/runner/work/OPENOS-settingsd/OPENOS-settingsd/openos-settingsd.c:85:31: warning: unused variable ‘h2’ [-Wunused-variable]
   85 |         unsigned char h1[32], h2[32], calc[32];
      |                               ^~
../../../home/runner/work/OPENOS-settingsd/OPENOS-settingsd/openos-settingsd.c: In function ‘setup_socket’:
../../../home/runner/work/OPENOS-settingsd/OPENOS-settingsd/openos-settingsd.c:250:21: warning: unused variable ‘st’ [-Wunused-variable]
  250 |         struct stat st;
      |                     ^~
[4/4] Linking target openos-settingsd
INFO: autodetecting backend as ninja
INFO: calculating backend command to run: /usr/local/bin/ninja -C /tmp/tmp.W0v45JZp6S/build
ninja: Entering directory `/tmp/tmp.W0v45JZp6S/build'
ninja: no work to do.
Installing openos-settingsd to /tmp/tmp.W0v45JZp6S/pkg/usr/bin
-rw-r--r-- 1 runner runner 6306 Aug 17 06:07 /tmp/tmp.W0v45JZp6S/openos-settingsd-x86-DEV2026.1.pkg.tar.zst
```
