# OPENUI-desktop 构建失败 (arm64)

- 仓库: OPENOS-dev/OPENOS-OPENUI-desktop
- 运行: https://github.com/OPENOS-dev/OPENOS-OPENUI-desktop/actions/runs/32571152344
- 提交: 06b63c24a93a7679b760f567f641a2df78288949
- 时间: 2026-08-22T11:46:18Z

## 构建日志尾部
```
  676 |                 deco_clear_hover(&v->deco);
      |                                   ^
../../../OPENOS-OPENUI-desktop/OPENOS-OPENUI-desktop/src/compositor.c: At top level:
../../../OPENOS-OPENUI-desktop/OPENOS-OPENUI-desktop/src/compositor.c:679:5: error: expected identifier or ‘(’ before ‘}’ token
  679 |     } else {
      |     ^
../../../OPENOS-OPENUI-desktop/OPENOS-OPENUI-desktop/src/compositor.c:679:7: error: expected identifier or ‘(’ before ‘else’
  679 |     } else {
      |       ^~~~
../../../OPENOS-OPENUI-desktop/OPENOS-OPENUI-desktop/src/compositor.c:687:43: error: expected ‘)’ before ‘->’ token
  687 |     wlr_xcursor_manager_set_cursor_image(s->xcursor_mgr, "left_ptr", s->cursor);
      |                                           ^~
      |                                           )
../../../OPENOS-OPENUI-desktop/OPENOS-OPENUI-desktop/src/compositor.c:688:1: error: expected identifier or ‘(’ before ‘}’ token
  688 | }
      | ^
../../../OPENOS-OPENUI-desktop/OPENOS-OPENUI-desktop/src/compositor.c: In function ‘main’:
../../../OPENOS-OPENUI-desktop/OPENOS-OPENUI-desktop/src/compositor.c:704:27: warning: implicit declaration of function ‘wlr_scene_output_layout_create’; did you mean ‘wlr_output_layout_create’? [-Wimplicit-function-declaration]
  704 |     server.scene_layout = wlr_scene_output_layout_create(server.scene, server.output_layout);
      |                           ^~~~~~~~~~~~~~~~~~~~~~~~~~~~~~
      |                           wlr_output_layout_create
../../../OPENOS-OPENUI-desktop/OPENOS-OPENUI-desktop/src/compositor.c:704:25: warning: assignment to ‘struct wlr_scene_output_layout *’ from ‘int’ makes pointer from integer without a cast [-Wint-conversion]
  704 |     server.scene_layout = wlr_scene_output_layout_create(server.scene, server.output_layout);
      |                         ^
../../../OPENOS-OPENUI-desktop/OPENOS-OPENUI-desktop/src/compositor.c:715:5: warning: implicit declaration of function ‘wlr_scene_set_background_color’ [-Wimplicit-function-declaration]
  715 |     wlr_scene_set_background_color(server.scene, bg);
      |     ^~~~~~~~~~~~~~~~~~~~~~~~~~~~~~
../../../OPENOS-OPENUI-desktop/OPENOS-OPENUI-desktop/src/compositor.c:717:49: warning: passing argument 2 of ‘wlr_compositor_create’ makes integer from pointer without a cast [-Wint-conversion]
  717 |     wlr_compositor_create(server.display, server.renderer);
      |                                           ~~~~~~^~~~~~~~~
      |                                                 |
      |                                                 struct wlr_renderer *
In file included from ../../../OPENOS-OPENUI-desktop/OPENOS-OPENUI-desktop/src/compositor.c:14:
/usr/include/wlr/types/wlr_compositor.h:425:18: note: expected ‘uint32_t’ {aka ‘unsigned int’} but argument is of type ‘struct wlr_renderer *’
  425 |         uint32_t version, struct wlr_renderer *renderer);
      |         ~~~~~~~~~^~~~~~~
../../../OPENOS-OPENUI-desktop/OPENOS-OPENUI-desktop/src/compositor.c:717:5: error: too few arguments to function ‘wlr_compositor_create’
  717 |     wlr_compositor_create(server.display, server.renderer);
      |     ^~~~~~~~~~~~~~~~~~~~~
/usr/include/wlr/types/wlr_compositor.h:424:24: note: declared here
  424 | struct wlr_compositor *wlr_compositor_create(struct wl_display *display,
      |                        ^~~~~~~~~~~~~~~~~~~~~
../../../OPENOS-OPENUI-desktop/OPENOS-OPENUI-desktop/src/compositor.c:719:24: error: too few arguments to function ‘wlr_xdg_shell_create’
  719 |     server.xdg_shell = wlr_xdg_shell_create(server.display);
      |                        ^~~~~~~~~~~~~~~~~~~~
In file included from ../../../OPENOS-OPENUI-desktop/OPENOS-OPENUI-desktop/src/compositor.c:24:
/usr/include/wlr/types/wlr_xdg_shell.h:304:23: note: declared here
  304 | struct wlr_xdg_shell *wlr_xdg_shell_create(struct wl_display *display,
      |                       ^~~~~~~~~~~~~~~~~~~~
../../../OPENOS-OPENUI-desktop/OPENOS-OPENUI-desktop/src/compositor.c:720:26: error: too few arguments to function ‘wlr_layer_shell_v1_create’
  720 |     server.layer_shell = wlr_layer_shell_v1_create(server.display);
      |                          ^~~~~~~~~~~~~~~~~~~~~~~~~
In file included from ../../../OPENOS-OPENUI-desktop/OPENOS-OPENUI-desktop/src/compositor.c:25:
/usr/include/wlr/types/wlr_layer_shell_v1.h:115:28: note: declared here
  115 | struct wlr_layer_shell_v1 *wlr_layer_shell_v1_create(struct wl_display *display,
      |                            ^~~~~~~~~~~~~~~~~~~~~~~~~
../../../OPENOS-OPENUI-desktop/OPENOS-OPENUI-desktop/src/compositor.c:725:51: error: ‘struct <anonymous>’ has no member named ‘request_activate’
  725 |     wl_signal_add(&server.foreign_toplevel->events.request_activate,
      |                                                   ^
../../../OPENOS-OPENUI-desktop/OPENOS-OPENUI-desktop/src/compositor.c:728:51: error: ‘struct <anonymous>’ has no member named ‘request_close’
  728 |     wl_signal_add(&server.foreign_toplevel->events.request_close,
      |                                                   ^
../../../OPENOS-OPENUI-desktop/OPENOS-OPENUI-desktop/src/compositor.c:731:51: error: ‘struct <anonymous>’ has no member named ‘request_maximize’
  731 |     wl_signal_add(&server.foreign_toplevel->events.request_maximize,
      |                                                   ^
../../../OPENOS-OPENUI-desktop/OPENOS-OPENUI-desktop/src/compositor.c:745:44: error: ‘struct <anonymous>’ has no member named ‘new_toplevel’
  745 |     wl_signal_add(&server.xdg_shell->events.new_toplevel, &server.new_xdg_toplevel);
      |                                            ^
../../../OPENOS-OPENUI-desktop/OPENOS-OPENUI-desktop/src/compositor.c: At top level:
../../../OPENOS-OPENUI-desktop/OPENOS-OPENUI-desktop/src/compositor.c:61:13: warning: ‘view_animate_out’ defined but not used [-Wunused-function]
   61 | static void view_animate_out(struct openos_view *view) {
      |             ^~~~~~~~~~~~~~~~
[20/38] Compiling C object openos-compositor.p/src_tiling.c.o
[21/38] Compiling C object openos-compositor.p/src_workspace.c.o
[22/38] Compiling C object openos-compositor.p/src_decorations.c.o
[23/38] Compiling C object openos-compositor.p/src_gestures.c.o
[24/38] Compiling C object openos-compositor.p/src_blur.c.o
ninja: build stopped: subcommand failed.
INFO: autodetecting backend as ninja
INFO: calculating backend command to run: /usr/local/bin/ninja -C /home/runner/work/_temp/OPENUI-desktop-arm64-build/build
```
