# OPENUI-desktop 构建失败 (x86)

- 仓库: OPENOS-dev/OPENOS-OPENUI-desktop
- 运行: https://github.com/OPENOS-dev/OPENOS-OPENUI-desktop/actions/runs/31993951556
- 提交: 04fd60bb4adca3fc7b64cb39b370bdb631614068
- 时间: 2026-08-17T04:22:47Z

## 构建日志尾部
```
The Meson build system
Version: 1.3.2
Source dir: /home/runner/work/OPENOS-OPENUI-desktop/OPENOS-OPENUI-desktop
Build dir: /tmp/tmp.Pb1ZCuQ4iR/build
Build type: native build
Project name: openos-de
Project version: DEV2026.1
C compiler for the host machine: ccache cc (gcc 13.3.0 "cc (Ubuntu 13.3.0-6ubuntu2~24.04.1) 13.3.0")
C linker for the host machine: cc ld.bfd 2.42
C++ compiler for the host machine: ccache c++ (gcc 13.3.0 "c++ (Ubuntu 13.3.0-6ubuntu2~24.04.1) 13.3.0")
C++ linker for the host machine: c++ ld.bfd 2.42
Host machine cpu family: x86_64
Host machine cpu: x86_64
Found pkg-config: YES (/usr/bin/pkg-config) 1.8.1
Found CMake: /usr/local/bin/cmake (3.31.6)
Run-time dependency wlroots found: NO (tried pkgconfig and cmake)

meson.build:7:16: ERROR: Dependency "wlroots" not found, tried pkgconfig and cmake

A full log can be found at /tmp/tmp.Pb1ZCuQ4iR/build/meson-logs/meson-log.txt
```
