# libopenrsa 构建失败 (loong64)

- 仓库: OPENOS-dev/OPENOS-libopenrsa
- 运行: https://github.com/OPENOS-dev/OPENOS-libopenrsa/actions/runs/32000147761
- 提交: 713b698c2ea0bf9e69a10a57284d215081b699dc
- 时间: 2026-08-17T06:07:31Z

## 构建日志尾部
```
The Meson build system
Version: 1.3.2
Source dir: /home/runner/work/OPENOS-libopenrsa/OPENOS-libopenrsa
Build dir: /tmp/tmp.BHAwZcjUEV/build
Build type: native build
Project name: libopenrsa
Project version: undefined
C compiler for the host machine: ccache cc (gcc 13.3.0 "cc (Ubuntu 13.3.0-6ubuntu2~24.04.1) 13.3.0")
C linker for the host machine: cc ld.bfd 2.42
Host machine cpu family: x86_64
Host machine cpu: x86_64
Found pkg-config: YES (/usr/bin/pkg-config) 1.8.1
Run-time dependency openssl found: YES 3.0.13
Build targets in project: 2

libopenrsa undefined

  User defined options
    buildtype: release
    prefix   : /usr

Found ninja-1.13.2 at /usr/local/bin/ninja
ninja: Entering directory `/tmp/tmp.BHAwZcjUEV/build'
[1/4] Compiling C object libopenrsa.a.p/openrsa.c.o
../../../home/runner/work/OPENOS-libopenrsa/OPENOS-libopenrsa/openrsa.c:11:67: warning: "/*" within comment [-Wcomment]
   11 |  * 密钥格式: PEM (私钥 PKCS#8, 公钥 SubjectPublicKeyInfo), 与 KEYS/*.oak
      |                                                                    
[2/4] Compiling C object openrsa_test.p/openrsa_test.c.o
../../../home/runner/work/OPENOS-libopenrsa/OPENOS-libopenrsa/openrsa_test.c: In function ‘gen_keypair’:
../../../home/runner/work/OPENOS-libopenrsa/OPENOS-libopenrsa/openrsa_test.c:68:31: warning: passing argument 2 of ‘memcpy’ makes pointer from integer without a cast [-Wint-conversion]
   68 |                 memcpy(*priv, BIO_get_mem_data(bio, NULL), *priv_len);
      |                               ^~~~~~~~~~~~~~~~
      |                               |
      |                               long int
In file included from /usr/include/features.h:502,
                 from /usr/include/x86_64-linux-gnu/bits/libc-header-start.h:33,
                 from /usr/include/stdio.h:28,
                 from /usr/include/openssl/evp.h:22,
                 from ../../../home/runner/work/OPENOS-libopenrsa/OPENOS-libopenrsa/openrsa_test.c:16:
/usr/include/x86_64-linux-gnu/bits/string_fortified.h:26:1: note: expected ‘const void * restrict’ but argument is of type ‘long int’
   26 | __NTH (memcpy (void *__restrict __dest, const void *__restrict __src,
      | ^~~~~
../../../home/runner/work/OPENOS-libopenrsa/OPENOS-libopenrsa/openrsa_test.c:77:30: warning: passing argument 2 of ‘memcpy’ makes pointer from integer without a cast [-Wint-conversion]
   77 |                 memcpy(*pub, BIO_get_mem_data(bio, NULL), *pub_len);
      |                              ^~~~~~~~~~~~~~~~
      |                              |
      |                              long int
/usr/include/x86_64-linux-gnu/bits/string_fortified.h:26:1: note: expected ‘const void * restrict’ but argument is of type ‘long int’
   26 | __NTH (memcpy (void *__restrict __dest, const void *__restrict __src,
      | ^~~~~
[3/4] Linking static target libopenrsa.a
[4/4] Linking target openrsa_test
INFO: autodetecting backend as ninja
INFO: calculating backend command to run: /usr/local/bin/ninja -C /tmp/tmp.BHAwZcjUEV/build
ninja: Entering directory `/tmp/tmp.BHAwZcjUEV/build'
ninja: no work to do.
Installing libopenrsa.a to /tmp/tmp.BHAwZcjUEV/pkg/usr/lib/x86_64-linux-gnu
Installing /home/runner/work/OPENOS-libopenrsa/OPENOS-libopenrsa/openrsa.h to /tmp/tmp.BHAwZcjUEV/pkg/usr/include
-rw-r--r-- 1 runner runner 3106 Aug 17 06:07 /tmp/tmp.BHAwZcjUEV/libopenrsa-loong64-DEV2026.1.pkg.tar.zst
```
