# openos-calendar 构建失败 (x86-64)

- 仓库: OPENOS-dev/OPENOS-calendar
- 运行: https://github.com/OPENOS-dev/OPENOS-calendar/actions/runs/32000153218
- 提交: 56a46be806a59580227f8e5b4f6150c900f0f46b
- 时间: 2026-08-17T06:05:34Z

## 构建日志尾部
```
The Meson build system
Version: 1.3.2
Source dir: /home/runner/work/OPENOS-calendar/OPENOS-calendar
Build dir: /tmp/tmp.OF3ikiEjmg/build
Build type: native build
Project name: openos-calendar
Project version: DEV2026.1
C++ compiler for the host machine: ccache c++ (gcc 13.3.0 "c++ (Ubuntu 13.3.0-6ubuntu2~24.04.1) 13.3.0")
C++ linker for the host machine: c++ ld.bfd 2.42
Host machine cpu family: x86_64
Host machine cpu: x86_64
Found pkg-config: YES (/usr/bin/pkg-config) 1.8.1
Run-time dependency qt6 (modules: Core, Gui, Qml, Quick) found: YES 6.4.2 (pkg-config)
Detecting Qt6 tools
Run-time dependency qt6 (modules: Core) found: YES 6.4.2 (pkg-config)
Program /usr/lib/qt6/bin/moc found: NO
Program /usr/lib/qt6/libexec/moc found: YES 6.4.2 6.4.2 (/usr/lib/qt6/libexec/moc)
Program /usr/lib/qt6/bin/uic found: NO
Program /usr/lib/qt6/libexec/uic found: YES 6.4.2 6.4.2 (/usr/lib/qt6/libexec/uic)
Program /usr/lib/qt6/bin/rcc found: NO
Program /usr/lib/qt6/libexec/rcc found: YES 6.4.2 6.4.2 (/usr/lib/qt6/libexec/rcc)
Program /usr/lib/qt6/bin/lrelease found: NO
Program /usr/lib/qt6/libexec/lrelease found: NO
Program lrelease6 found: NO
Program lrelease-qt6 found: NO
Program lrelease found: NO
Build targets in project: 2

openos-calendar DEV2026.1

  User defined options
    buildtype: release
    prefix   : /usr

Found ninja-1.13.2 at /usr/local/bin/ninja
ninja: Entering directory `/tmp/tmp.OF3ikiEjmg/build'
[1/4] Compiling Qt resources qt6-qml_qrc
[2/4] Compiling C++ object openos-calendar.p/meson-generated_.._qt6-qml_qrc.cpp.o
[3/4] Compiling C++ object openos-calendar.p/main.cpp.o
[4/4] Linking target openos-calendar
INFO: autodetecting backend as ninja
INFO: calculating backend command to run: /usr/local/bin/ninja -C /tmp/tmp.OF3ikiEjmg/build
ninja: Entering directory `/tmp/tmp.OF3ikiEjmg/build'
ninja: no work to do.
Installing openos-calendar to /tmp/tmp.OF3ikiEjmg/pkg/usr/bin
-rw-r--r-- 1 runner runner 8122 Aug 17 06:05 /tmp/tmp.OF3ikiEjmg/openos-calendar-x86-64-DEV2026.1.pkg.tar.zst
```
