# kernel 构建失败 (arm32)

- 仓库: OPENOS-dev/OPENOS-kernel
- 运行: https://github.com/OPENOS-dev/OPENOS-kernel/actions/runs/31991492231
- 提交: c9c389f0369154f19baab49b149669a65cd3f0ce
- 时间: 2026-08-17T03:34:40Z

## 构建日志尾部
```

Error in reading or end of file.

Error in reading or end of file.

Error in reading or end of file.

Error in reading or end of file.

Error in reading or end of file.

Error in reading or end of file.

Error in reading or end of file.

Error in reading or end of file.

Error in reading or end of file.

Error in reading or end of file.

Error in reading or end of file.

Error in reading or end of file.

Error in reading or end of file.

Error in reading or end of file.

Error in reading or end of file.

Error in reading or end of file.
make[3]: *** No rule to make target 'scripts/module.lds'.  Stop.
make[2]: *** [/home/runner/work/OPENOS-kernel/OPENOS-kernel/linux-6.12.103/Makefile:1512: modules_prepare] Error 2
make[2]: *** Waiting for unfinished jobs....
arm-linux-gnueabihf-ar: usr/initramfs_data.o: No such file or directory
make[4]: *** [/home/runner/work/OPENOS-kernel/OPENOS-kernel/linux-6.12.103/scripts/Makefile.build:395: usr/built-in.a] Error 123
make[3]: *** [/home/runner/work/OPENOS-kernel/OPENOS-kernel/linux-6.12.103/scripts/Makefile.build:466: usr] Error 2
make[3]: *** Waiting for unfinished jobs....
make[2]: *** [/home/runner/work/OPENOS-kernel/OPENOS-kernel/linux-6.12.103/Makefile:1967: .] Error 2
make[1]: *** [/home/runner/work/OPENOS-kernel/OPENOS-kernel/linux-6.12.103/Makefile:224: __sub-make] Error 2
make: *** [Makefile:224: __sub-make] Error 2
```
