# openos-securityd 构建失败 (x86-64)

- 仓库: OPENOS-dev/OPENOS-securityd
- 运行: https://github.com/OPENOS-dev/OPENOS-securityd/actions/runs/31991555120
- 提交: 2140f77a1c257bcc9e51ff713c38da2f2a8524c4
- 时间: 2026-08-17T03:39:23Z

## 构建日志尾部
```
The Meson build system
Version: 1.3.2
Source dir: /home/runner/work/OPENOS-securityd/OPENOS-securityd
Build dir: /tmp/tmp.pXmoFQpDAX/build
Build type: native build
Project name: openos-securityd
Project version: undefined
C compiler for the host machine: ccache cc (gcc 13.3.0 "cc (Ubuntu 13.3.0-6ubuntu2~24.04.1) 13.3.0")
C linker for the host machine: cc ld.bfd 2.42
Host machine cpu family: x86_64
Host machine cpu: x86_64
Found pkg-config: YES (/usr/bin/pkg-config) 1.8.1
Found CMake: /usr/local/bin/cmake (3.31.6)
Run-time dependency libsodium found: NO (tried pkgconfig and cmake)

meson.build:4:12: ERROR: Dependency "libsodium" not found, tried pkgconfig and cmake

A full log can be found at /tmp/tmp.pXmoFQpDAX/build/meson-logs/meson-log.txt
```
