# openos-oak 构建失败 (x86)

- 仓库: OPENOS-dev/OPENOS-OAK
- 运行: https://github.com/OPENOS-dev/OPENOS-OAK/actions/runs/31991559886
- 提交: cbfa396592c6f9afae46ce91255233c79ebeeee8
- 时间: 2026-08-17T03:34:54Z

## 构建日志尾部
```
The Meson build system
Version: 1.3.2
Source dir: /home/runner/work/OPENOS-OAK/OPENOS-OAK
Build dir: /tmp/tmp.brePbJPOkx/build
Build type: native build
Project name: openos-oak
Project version: DEV2026.1
C++ compiler for the host machine: ccache c++ (gcc 13.3.0 "c++ (Ubuntu 13.3.0-6ubuntu2~24.04.1) 13.3.0")
C++ linker for the host machine: c++ ld.bfd 2.42
Host machine cpu family: x86_64
Host machine cpu: x86_64
Found pkg-config: YES (/usr/bin/pkg-config) 1.8.1
Run-time dependency qt6 (modules: Core, Gui, Qml, Quick) found: YES 6.4.2 (pkg-config)
Detecting Qt6 tools
Run-time dependency qt6 (modules: Core) found: YES 6.4.2 (pkg-config)
Program /usr/lib/qt6/bin/moc found: NO
Program /usr/lib/qt6/libexec/moc found: YES 6.4.2 6.4.2 (/usr/lib/qt6/libexec/moc)
Program /usr/lib/qt6/bin/uic found: NO
Program /usr/lib/qt6/libexec/uic found: YES 6.4.2 6.4.2 (/usr/lib/qt6/libexec/uic)
Program /usr/lib/qt6/bin/rcc found: NO
Program /usr/lib/qt6/libexec/rcc found: YES 6.4.2 6.4.2 (/usr/lib/qt6/libexec/rcc)
Program /usr/lib/qt6/bin/lrelease found: NO
Program /usr/lib/qt6/libexec/lrelease found: NO
Program lrelease6 found: NO
Program lrelease-qt6 found: NO
Program lrelease found: NO
Build targets in project: 2

openos-oak DEV2026.1

  User defined options
    buildtype: release
    prefix   : /usr

Found ninja-1.13.2 at /usr/local/bin/ninja
ninja: Entering directory `/tmp/tmp.brePbJPOkx/build'
ninja: error: '/home/runner/work/OPENOS-OAK/OPENOS-OAK/OpenUI.qml', needed by 'qt6-qml_qrc.cpp', missing and no known rule to make it
INFO: autodetecting backend as ninja
INFO: calculating backend command to run: /usr/local/bin/ninja -C /tmp/tmp.brePbJPOkx/build
```
