# pacman 构建失败 (loong64)

- 仓库: OPENOS-dev/OPENOS-pacman
- 运行: https://github.com/OPENOS-dev/OPENOS-pacman/actions/runs/31995173185
- 提交: 3a5d6e0c34cd02ef915b0a33b4376324ae0f5233
- 时间: 2026-08-17T04:42:08Z

## 构建日志尾部
```
The Meson build system
Version: 1.3.2
Source dir: /tmp/tmp.v9bbaiqXx5/src
Build dir: /tmp/tmp.v9bbaiqXx5/build
Build type: native build
Project name: pacman
Project version: 7.1.0
C compiler for the host machine: ccache cc (gcc 13.3.0 "cc (Ubuntu 13.3.0-6ubuntu2~24.04.1) 13.3.0")
C linker for the host machine: cc ld.bfd 2.42
Host machine cpu family: x86_64
Host machine cpu: x86_64
Program python3 found: YES (/usr/bin/python3)
Program bash found: YES (/usr/bin/bash)
Found pkg-config: YES (/usr/bin/pkg-config) 1.8.1
Run-time dependency bash-completion found: YES 2.11
Run-time dependency intl found: YES
Run-time dependency libarchive found: YES 3.7.2
Run-time dependency libcurl found: YES 8.5.0
gpg-config found: NO need ['>=1.18.0']
Run-time dependency gpgme found: NO (tried pkgconfig and config-tool)
Message: gpgme >=1.18.0 is needed for GPG signature support
Run-time dependency libcrypto found: YES 3.0.13
Found CMake: /usr/local/bin/cmake (3.31.6)
Run-time dependency libseccomp found: NO (tried pkgconfig and cmake)
Has header "linux/landlock.h" : YES 
Has header "mntent.h" : YES 
Has header "sys/mnttab.h" : NO 
Has header "sys/mount.h" : YES 
Has header "sys/param.h" : YES 
Has header "sys/prctl.h" : YES 
Has header "sys/statvfs.h" : YES 
Has header "sys/types.h" : YES 
Has header "sys/ucred.h" : NO 
Has header "termios.h" : YES 
Checking for function "getmntent" : YES 
Checking for function "getmntinfo" : NO 
Checking for function "strndup" : YES 
Checking for function "strnlen" : YES 
Checking for function "strsep" : YES 
Checking for function "swprintf" : YES 
Checking for function "tcflush" : YES 
Checking whether type "struct stat" has member "st_blksize" : YES 
Checking whether type "struct statvfs" has member "f_flag" : YES 
Checking whether type "struct statfs" has member "f_flags" : NO 
Checking for type "mode_t" : YES 
Checking for type "uid_t" : YES 
Checking for type "off_t" : YES 
Checking for type "pid_t" : YES 
Checking for type "size_t" : YES 
Checking for type "ssize_t" : YES 
Checking for type "int64_t" : YES 
Configuring config.h using configuration

scripts/meson.build:12:29: ERROR: File /tmp/tmp.v9bbaiqXx5/src/build-aux/edit-script.sh.in does not exist.

A full log can be found at /tmp/tmp.v9bbaiqXx5/build/meson-logs/meson-log.txt
```
