# opt 构建失败 (arm64)

- 仓库: OPENOS-dev/OPENOS-opt
- 运行: https://github.com/OPENOS-dev/OPENOS-opt/actions/runs/32574124836
- 提交: c3cfda4c03e8e47ad0e6a785b2e51b2e4fcab4da
- 时间: 2026-08-22T12:52:10Z

## 构建日志尾部
```
Detecting Qt6 tools
Run-time dependency qt6 (modules: Core) found: YES 6.4.2 (pkg-config)
Program /usr/lib/qt6/bin/moc found: NO
Program /usr/lib/qt6/libexec/moc found: YES 6.4.2 6.4.2 (/usr/lib/qt6/libexec/moc)
Program /usr/lib/qt6/bin/uic found: NO
Program /usr/lib/qt6/libexec/uic found: YES 6.4.2 6.4.2 (/usr/lib/qt6/libexec/uic)
Program /usr/lib/qt6/bin/rcc found: NO
Program /usr/lib/qt6/libexec/rcc found: YES 6.4.2 6.4.2 (/usr/lib/qt6/libexec/rcc)
Program /usr/lib/qt6/bin/lrelease found: NO
Program /usr/lib/qt6/libexec/lrelease found: NO
Program lrelease6 found: NO
Program lrelease-qt6 found: NO
Program lrelease found: NO
Build targets in project: 2

openos-opt DEV2026.1

  User defined options
    buildtype: release
    prefix   : /usr

Found ninja-1.13.2 at /usr/local/bin/ninja
ninja: Entering directory `/tmp/tmp.4pxmZ0qLkT/build'
[1/7] Compiling Qt resources qt6-qml_qrc
[2/7] Compiling C++ object openos-opt.p/meson-generated_.._qt6-qml_qrc.cpp.o
[3/7] Compiling C++ object openos-opt.p/main.cpp.o
FAILED: [code=1] openos-opt.p/main.cpp.o 
ccache c++ -Iopenos-opt.p -I. -I../../../home/runner/work/OPENOS-opt/OPENOS-opt/openos-opt -I/usr/include/x86_64-linux-gnu/qt6/QtCore -I/usr/include/x86_64-linux-gnu/qt6 -I/usr/lib/x86_64-linux-gnu/qt6/mkspecs/linux-g++ -I/usr/include/x86_64-linux-gnu/qt6/QtGui -I/usr/include/x86_64-linux-gnu/qt6/QtQml -I/usr/include/x86_64-linux-gnu/qt6/QtQmlIntegration -I/usr/include/x86_64-linux-gnu/qt6/QtNetwork -I/usr/include/x86_64-linux-gnu/qt6/QtQuick -I/usr/include/x86_64-linux-gnu/qt6/QtQmlModels -I/usr/include/x86_64-linux-gnu/qt6/QtOpenGL -I/usr/include/x86_64-linux-gnu/qt6/QtWaylandClient -I/usr/include/x86_64-linux-gnu/qt6/QtSvg -fdiagnostics-color=always -D_FILE_OFFSET_BITS=64 -Wall -Winvalid-pch -std=c++17 -O3 -DQT_SVG_LIB -DQT_WAYLANDCLIENT_LIB -DQT_QUICK_LIB -DQT_QMLMODELS_LIB -DQT_OPENGL_LIB -DQT_QML_LIB -DQT_QMLINTEGRATION_LIB -DQT_NETWORK_LIB -DQT_GUI_LIB -DQT_CORE_LIB -fPIC -MD -MQ openos-opt.p/main.cpp.o -MF openos-opt.p/main.cpp.o.d -o openos-opt.p/main.cpp.o -c ../../../home/runner/work/OPENOS-opt/OPENOS-opt/openos-opt/main.cpp
In file included from ../../../home/runner/work/OPENOS-opt/OPENOS-opt/openos-opt/main.cpp:22:
../../../home/runner/work/OPENOS-opt/OPENOS-opt/openos-opt/iconprovider.h:32:12: error: ‘QImage IconProvider::requestImage(const QString&, QSize*, const QSize&, const QUrlQuery&)’ marked ‘override’, but does not override
   32 |     QImage requestImage(const QString& id, QSize* size,
      |            ^~~~~~~~~~~~
In file included from /usr/include/x86_64-linux-gnu/qt6/QtQuick/QQuickAsyncImageProvider:1,
                 from ../../../home/runner/work/OPENOS-opt/OPENOS-opt/openos-opt/iconprovider.h:27:
/usr/include/x86_64-linux-gnu/qt6/QtQuick/qquickimageprovider.h:72:20: warning: ‘virtual QImage QQuickImageProvider::requestImage(const QString&, QSize*, const QSize&)’ was hidden [-Woverloaded-virtual=]
   72 |     virtual QImage requestImage(const QString &id, QSize *size, const QSize& requestedSize);
      |                    ^~~~~~~~~~~~
../../../home/runner/work/OPENOS-opt/OPENOS-opt/openos-opt/iconprovider.h:32:12: note:   by ‘QImage IconProvider::requestImage(const QString&, QSize*, const QSize&, const QUrlQuery&)’
   32 |     QImage requestImage(const QString& id, QSize* size,
      |            ^~~~~~~~~~~~
../../../home/runner/work/OPENOS-opt/OPENOS-opt/openos-opt/main.cpp: In function ‘int main(int, char**)’:
../../../home/runner/work/OPENOS-opt/OPENOS-opt/openos-opt/main.cpp:31:58: error: invalid new-expression of abstract class type ‘IconProvider’
   31 |     engine.addImageProvider(QStringLiteral("icons"), new IconProvider);
      |                                                          ^~~~~~~~~~~~
../../../home/runner/work/OPENOS-opt/OPENOS-opt/openos-opt/iconprovider.h:30:7: note:   because the following virtual functions are pure within ‘IconProvider’:
   30 | class IconProvider : public QQuickAsyncImageProvider {
      |       ^~~~~~~~~~~~
/usr/include/x86_64-linux-gnu/qt6/QtQuick/qquickimageprovider.h:86:34: note:     ‘virtual QQuickImageResponse* QQuickAsyncImageProvider::requestImageResponse(const QString&, const QSize&)’
   86 |     virtual QQuickImageResponse *requestImageResponse(const QString &id, const QSize &requestedSize) = 0;
      |                                  ^~~~~~~~~~~~~~~~~~~~
[4/7] Compiling C++ object openos-opt.p/iconloader.cpp.o
FAILED: [code=1] openos-opt.p/iconloader.cpp.o 
ccache c++ -Iopenos-opt.p -I. -I../../../home/runner/work/OPENOS-opt/OPENOS-opt/openos-opt -I/usr/include/x86_64-linux-gnu/qt6/QtCore -I/usr/include/x86_64-linux-gnu/qt6 -I/usr/lib/x86_64-linux-gnu/qt6/mkspecs/linux-g++ -I/usr/include/x86_64-linux-gnu/qt6/QtGui -I/usr/include/x86_64-linux-gnu/qt6/QtQml -I/usr/include/x86_64-linux-gnu/qt6/QtQmlIntegration -I/usr/include/x86_64-linux-gnu/qt6/QtNetwork -I/usr/include/x86_64-linux-gnu/qt6/QtQuick -I/usr/include/x86_64-linux-gnu/qt6/QtQmlModels -I/usr/include/x86_64-linux-gnu/qt6/QtOpenGL -I/usr/include/x86_64-linux-gnu/qt6/QtWaylandClient -I/usr/include/x86_64-linux-gnu/qt6/QtSvg -fdiagnostics-color=always -D_FILE_OFFSET_BITS=64 -Wall -Winvalid-pch -std=c++17 -O3 -DQT_SVG_LIB -DQT_WAYLANDCLIENT_LIB -DQT_QUICK_LIB -DQT_QMLMODELS_LIB -DQT_OPENGL_LIB -DQT_QML_LIB -DQT_QMLINTEGRATION_LIB -DQT_NETWORK_LIB -DQT_GUI_LIB -DQT_CORE_LIB -fPIC -MD -MQ openos-opt.p/iconloader.cpp.o -MF openos-opt.p/iconloader.cpp.o.d -o openos-opt.p/iconloader.cpp.o -c ../../../home/runner/work/OPENOS-opt/OPENOS-opt/openos-opt/iconloader.cpp
../../../home/runner/work/OPENOS-opt/OPENOS-opt/openos-opt/iconloader.cpp: In member function ‘QUrl IconLoader::url(const QString&, int, const QString&, const QString&) const’:
../../../home/runner/work/OPENOS-opt/OPENOS-opt/openos-opt/iconloader.cpp:151:15: error: aggregate ‘QUrlQuery q’ has incomplete type and cannot be defined
  151 |     QUrlQuery q;
      |               ^
[5/7] Compiling C++ object openos-opt.p/iconprovider.cpp.o
FAILED: [code=1] openos-opt.p/iconprovider.cpp.o 
ccache c++ -Iopenos-opt.p -I. -I../../../home/runner/work/OPENOS-opt/OPENOS-opt/openos-opt -I/usr/include/x86_64-linux-gnu/qt6/QtCore -I/usr/include/x86_64-linux-gnu/qt6 -I/usr/lib/x86_64-linux-gnu/qt6/mkspecs/linux-g++ -I/usr/include/x86_64-linux-gnu/qt6/QtGui -I/usr/include/x86_64-linux-gnu/qt6/QtQml -I/usr/include/x86_64-linux-gnu/qt6/QtQmlIntegration -I/usr/include/x86_64-linux-gnu/qt6/QtNetwork -I/usr/include/x86_64-linux-gnu/qt6/QtQuick -I/usr/include/x86_64-linux-gnu/qt6/QtQmlModels -I/usr/include/x86_64-linux-gnu/qt6/QtOpenGL -I/usr/include/x86_64-linux-gnu/qt6/QtWaylandClient -I/usr/include/x86_64-linux-gnu/qt6/QtSvg -fdiagnostics-color=always -D_FILE_OFFSET_BITS=64 -Wall -Winvalid-pch -std=c++17 -O3 -DQT_SVG_LIB -DQT_WAYLANDCLIENT_LIB -DQT_QUICK_LIB -DQT_QMLMODELS_LIB -DQT_OPENGL_LIB -DQT_QML_LIB -DQT_QMLINTEGRATION_LIB -DQT_NETWORK_LIB -DQT_GUI_LIB -DQT_CORE_LIB -fPIC -MD -MQ openos-opt.p/iconprovider.cpp.o -MF openos-opt.p/iconprovider.cpp.o.d -o openos-opt.p/iconprovider.cpp.o -c ../../../home/runner/work/OPENOS-opt/OPENOS-opt/openos-opt/iconprovider.cpp
In file included from ../../../home/runner/work/OPENOS-opt/OPENOS-opt/openos-opt/iconprovider.cpp:15:
../../../home/runner/work/OPENOS-opt/OPENOS-opt/openos-opt/iconprovider.h:32:12: error: ‘QImage IconProvider::requestImage(const QString&, QSize*, const QSize&, const QUrlQuery&)’ marked ‘override’, but does not override
   32 |     QImage requestImage(const QString& id, QSize* size,
      |            ^~~~~~~~~~~~
In file included from /usr/include/x86_64-linux-gnu/qt6/QtQuick/QQuickAsyncImageProvider:1,
                 from ../../../home/runner/work/OPENOS-opt/OPENOS-opt/openos-opt/iconprovider.h:27:
/usr/include/x86_64-linux-gnu/qt6/QtQuick/qquickimageprovider.h:72:20: warning: ‘virtual QImage QQuickImageProvider::requestImage(const QString&, QSize*, const QSize&)’ was hidden [-Woverloaded-virtual=]
   72 |     virtual QImage requestImage(const QString &id, QSize *size, const QSize& requestedSize);
      |                    ^~~~~~~~~~~~
../../../home/runner/work/OPENOS-opt/OPENOS-opt/openos-opt/iconprovider.h:32:12: note:   by ‘QImage IconProvider::requestImage(const QString&, QSize*, const QSize&, const QUrlQuery&)’
   32 |     QImage requestImage(const QString& id, QSize* size,
      |            ^~~~~~~~~~~~
[6/7] Compiling C++ object openos-opt.p/pacmanbridge.cpp.o
../../../home/runner/work/OPENOS-opt/OPENOS-opt/openos-opt/pacmanbridge.cpp: In member function ‘void PacmanBridge::onProcessFinished()’:
../../../home/runner/work/OPENOS-opt/OPENOS-opt/openos-opt/pacmanbridge.cpp:128:25: warning: unused variable ‘versionStart’ [-Wunused-variable]
  128 |                     int versionStart = space > 0 ? space + 1 : trimmed.length();
      |                         ^~~~~~~~~~~~
ninja: build stopped: subcommand failed.
INFO: autodetecting backend as ninja
INFO: calculating backend command to run: /usr/local/bin/ninja -C /tmp/tmp.4pxmZ0qLkT/build
```
