# opt 构建失败 (loong64)

- 仓库: OPENOS-dev/OPENOS-opt
- 运行: https://github.com/OPENOS-dev/OPENOS-opt/actions/runs/32573016348
- 提交: 1e30ca3c3a61ae1748e449634af7a0672b0ba1ab
- 时间: 2026-08-22T12:28:54Z

## 构建日志尾部
```
The Meson build system
Version: 1.3.2
Source dir: /home/runner/work/OPENOS-opt/OPENOS-opt/openos-opt
Build dir: /tmp/tmp.kvXnRdU1xm/build
Build type: native build
Project name: openos-opt
Project version: DEV2026.1
C++ compiler for the host machine: ccache c++ (gcc 13.3.0 "c++ (Ubuntu 13.3.0-6ubuntu2~24.04.1) 13.3.0")
C++ linker for the host machine: c++ ld.bfd 2.42
Host machine cpu family: x86_64
Host machine cpu: x86_64
Found pkg-config: YES (/usr/bin/pkg-config) 1.8.1
Run-time dependency qt6 (modules: Core, Gui, Qml, Quick, WaylandClient) found: YES 6.4.2 (pkg-config)
Found CMake: /usr/local/bin/cmake (3.31.6)
Run-time dependency qt6svg found: NO (tried pkgconfig and cmake)

meson.build:8:13: ERROR: Dependency "Qt6Svg" not found, tried pkgconfig and cmake

A full log can be found at /tmp/tmp.kvXnRdU1xm/build/meson-logs/meson-log.txt
```
