# openos-calc 构建失败 (arm32)

- 仓库: OPENOS-dev/OPENOS-settings
- 运行: https://github.com/OPENOS-dev/OPENOS-settings/actions/runs/32691911946
- 提交: 6e6344cd9fd7e252681e17846a9b500fdc09b9b8
- 时间: 2026-08-24T05:00:01Z

## 构建日志尾部
```
The Meson build system
Version: 1.3.2
Source dir: /home/runner/work/OPENOS-settings/OPENOS-settings
Build dir: /home/runner/work/_temp/openos-calc-arm32-build/build
Build type: native build
Project name: openos-settings
Project version: DEV2026.1
C++ compiler for the host machine: ccache c++ (gcc 13.3.0 "c++ (Ubuntu 13.3.0-6ubuntu2~24.04.1) 13.3.0")
C++ linker for the host machine: c++ ld.bfd 2.42
Host machine cpu family: x86_64
Host machine cpu: x86_64
Found pkg-config: YES (/usr/bin/pkg-config) 1.8.1
Run-time dependency qt6 (modules: Core, Gui, Qml, Quick, Svg) found: YES 6.4.2 (pkg-config)
Detecting Qt6 tools
Run-time dependency qt6 (modules: Core) found: YES 6.4.2 (pkg-config)
Program /usr/lib/qt6/bin/moc found: NO
Program /usr/lib/qt6/libexec/moc found: YES 6.4.2 6.4.2 (/usr/lib/qt6/libexec/moc)
Program /usr/lib/qt6/bin/uic found: NO
Program /usr/lib/qt6/libexec/uic found: YES 6.4.2 6.4.2 (/usr/lib/qt6/libexec/uic)
Program /usr/lib/qt6/bin/rcc found: NO
Program /usr/lib/qt6/libexec/rcc found: YES 6.4.2 6.4.2 (/usr/lib/qt6/libexec/rcc)
Program /usr/lib/qt6/bin/lrelease found: NO
Program /usr/lib/qt6/libexec/lrelease found: NO
Program lrelease6 found: NO
Program lrelease-qt6 found: NO
Program lrelease found: NO
Build targets in project: 2

openos-settings DEV2026.1

  User defined options
    buildtype: release
    prefix   : /usr

Found ninja-1.13.2 at /usr/local/bin/ninja
ninja: Entering directory `/home/runner/work/_temp/openos-calc-arm32-build/build'
[1/6] Compiling Qt resources qt6-qml_qrc
[2/6] Compiling C++ object openos-settings.p/meson-generated_.._qt6-qml_qrc.cpp.o
[3/6] Compiling C++ object openos-settings.p/main.cpp.o
[4/6] Compiling C++ object openos-settings.p/iconprovider.cpp.o
[5/6] Compiling C++ object openos-settings.p/iconloader.cpp.o
[6/6] Linking target openos-settings
FAILED: [code=1] openos-settings 
c++  -o openos-settings openos-settings.p/meson-generated_.._qt6-qml_qrc.cpp.o openos-settings.p/main.cpp.o openos-settings.p/iconloader.cpp.o openos-settings.p/iconprovider.cpp.o -Wl,--as-needed -Wl,--no-undefined -Wl,-O1 -Wl,--start-group /usr/lib/x86_64-linux-gnu/libQt6Core.so /usr/lib/x86_64-linux-gnu/libQt6Gui.so /usr/lib/x86_64-linux-gnu/libQt6Qml.so /usr/lib/x86_64-linux-gnu/libQt6Network.so /usr/lib/x86_64-linux-gnu/libQt6Quick.so /usr/lib/x86_64-linux-gnu/libQt6QmlModels.so /usr/lib/x86_64-linux-gnu/libQt6OpenGL.so /usr/lib/x86_64-linux-gnu/libQt6Svg.so -Wl,--end-group
/usr/bin/ld: openos-settings.p/main.cpp.o: in function `IconLoader::~IconLoader()':
main.cpp:(.text._ZN10IconLoaderD2Ev[_ZN10IconLoaderD5Ev]+0x18): undefined reference to `vtable for IconLoader'
/usr/bin/ld: openos-settings.p/main.cpp.o: in function `IconLoader::~IconLoader()':
main.cpp:(.text._ZN10IconLoaderD0Ev[_ZN10IconLoaderD5Ev]+0x18): undefined reference to `vtable for IconLoader'
/usr/bin/ld: openos-settings.p/iconloader.cpp.o: in function `IconLoader::IconLoader(QObject*)':
iconloader.cpp:(.text+0x745): undefined reference to `vtable for IconLoader'
/usr/bin/ld: openos-settings.p/iconloader.cpp.o: in function `IconLoader::setTheme(QString const&)':
iconloader.cpp:(.text+0x30b): undefined reference to `IconLoader::themeChanged()'
collect2: error: ld returned 1 exit status
ninja: build stopped: subcommand failed.
INFO: autodetecting backend as ninja
INFO: calculating backend command to run: /usr/local/bin/ninja -C /home/runner/work/_temp/openos-calc-arm32-build/build
```
