# libvmapp 构建失败 (arm64)

- 仓库: OPENOS-dev/OPENOS-libvmapp
- 运行: https://github.com/OPENOS-dev/OPENOS-libvmapp/actions/runs/32000066965
- 提交: 8013f312f913ebc71e4f76af3912c37a0ff1eded
- 时间: 2026-08-17T06:04:18Z

## 构建日志尾部
```
The Meson build system
Version: 1.3.2
Source dir: /home/runner/work/OPENOS-libvmapp/OPENOS-libvmapp
Build dir: /tmp/tmp.efphb4YbaF/build
Build type: native build
Project name: libvmapp
Project version: undefined
C compiler for the host machine: ccache cc (gcc 13.3.0 "cc (Ubuntu 13.3.0-6ubuntu2~24.04.1) 13.3.0")
C linker for the host machine: cc ld.bfd 2.42
Host machine cpu family: x86_64
Host machine cpu: x86_64
Build targets in project: 2

libvmapp undefined

  User defined options
    buildtype: release
    prefix   : /usr

Found ninja-1.13.2 at /usr/local/bin/ninja
ninja: Entering directory `/tmp/tmp.efphb4YbaF/build'
[1/4] Compiling C object libvmapp.a.p/libvmapp.c.o
[2/4] Linking static target libvmapp.a
[3/4] Compiling C object vmapp_demo.p/vmapp_demo.c.o
[4/4] Linking target vmapp_demo
INFO: autodetecting backend as ninja
INFO: calculating backend command to run: /usr/local/bin/ninja -C /tmp/tmp.efphb4YbaF/build
ninja: Entering directory `/tmp/tmp.efphb4YbaF/build'
ninja: no work to do.
Installing libvmapp.a to /tmp/tmp.efphb4YbaF/pkg/usr/lib/x86_64-linux-gnu
Installing vmapp_demo to /tmp/tmp.efphb4YbaF/pkg/usr/bin
Installing /home/runner/work/OPENOS-libvmapp/OPENOS-libvmapp/libvmapp.h to /tmp/tmp.efphb4YbaF/pkg/usr/include
-rw-r--r-- 1 runner runner 5500 Aug 17 06:04 /tmp/tmp.efphb4YbaF/libvmapp-arm64-DEV2026.1.pkg.tar.zst
```
