# openos-securityd 构建失败 (arm32)

- 仓库: OPENOS-dev/OPENOS-securityd
- 运行: https://github.com/OPENOS-dev/OPENOS-securityd/actions/runs/31993939648
- 提交: 20ebd62bfc20f2e5780a41c910fe5e28adc8bb77
- 时间: 2026-08-17T04:21:19Z

## 构建日志尾部
```
The Meson build system
Version: 1.3.2
Source dir: /home/runner/work/OPENOS-securityd/OPENOS-securityd
Build dir: /tmp/tmp.dfF9DWeRMO/build
Build type: native build
Project name: openos-securityd
Project version: undefined
C compiler for the host machine: ccache cc (gcc 13.3.0 "cc (Ubuntu 13.3.0-6ubuntu2~24.04.1) 13.3.0")
C linker for the host machine: cc ld.bfd 2.42
Host machine cpu family: x86_64
Host machine cpu: x86_64
Found pkg-config: YES (/usr/bin/pkg-config) 1.8.1
Run-time dependency libsodium found: YES 1.0.18
Build targets in project: 1

openos-securityd undefined

  User defined options
    buildtype: release
    prefix   : /usr

Found ninja-1.13.2 at /usr/local/bin/ninja
ninja: Entering directory `/tmp/tmp.dfF9DWeRMO/build'
[1/2] Compiling C object openos-securityd.p/openos-securityd.c.o
../../../home/runner/work/OPENOS-securityd/OPENOS-securityd/openos-securityd.c: In function ‘logmsg’:
../../../home/runner/work/OPENOS-securityd/OPENOS-securityd/openos-securityd.c:77:9: warning: implicit declaration of function ‘va_start’ [-Wimplicit-function-declaration]
   77 |         va_start(ap, fmt);
      |         ^~~~~~~~
../../../home/runner/work/OPENOS-securityd/OPENOS-securityd/openos-securityd.c:79:9: warning: implicit declaration of function ‘va_end’ [-Wimplicit-function-declaration]
   79 |         va_end(ap);
      |         ^~~~~~
../../../home/runner/work/OPENOS-securityd/OPENOS-securityd/openos-securityd.c: In function ‘setup_socket’:
../../../home/runner/work/OPENOS-securityd/OPENOS-securityd/openos-securityd.c:259:21: warning: unused variable ‘st’ [-Wunused-variable]
  259 |         struct stat st;
      |                     ^~
In file included from /usr/include/stdio.h:980,
                 from /usr/include/sodium/crypto_onetimeauth_poly1305.h:12,
                 from /usr/include/sodium/crypto_onetimeauth.h:6,
                 from /usr/include/sodium.h:30,
                 from ../../../home/runner/work/OPENOS-securityd/OPENOS-securityd/openos-securityd.c:34:
In function ‘snprintf’,
    inlined from ‘verify_request’ at ../../../home/runner/work/OPENOS-securityd/OPENOS-securityd/openos-securityd.c:186:6,
    inlined from ‘handle_client’ at ../../../home/runner/work/OPENOS-securityd/OPENOS-securityd/openos-securityd.c:222:8:
/usr/include/x86_64-linux-gnu/bits/stdio2.h:54:10: warning: ‘__builtin_snprintf’ argument 4 overlaps destination object ‘h2’ [-Wrestrict]
   54 |   return __builtin___snprintf_chk (__s, __n, __USE_FORTIFY_LEVEL - 1,
      |          ^~~~~~~~~~~~~~~~~~~~~~~~~~~~~~~~~~~~~~~~~~~~~~~~~~~~~~~~~~~~
   55 |                                    __glibc_objsize (__s), __fmt,
      |                                    ~~~~~~~~~~~~~~~~~~~~~~~~~~~~~
   56 |                                    __va_arg_pack ());
      |                                    ~~~~~~~~~~~~~~~~~
../../../home/runner/work/OPENOS-securityd/OPENOS-securityd/openos-securityd.c: In function ‘handle_client’:
../../../home/runner/work/OPENOS-securityd/OPENOS-securityd/openos-securityd.c:220:14: note: destination object referenced by ‘restrict’-qualified argument 1 was declared here
  220 |         char h2[HASH_HEX_LEN + 1];
      |              ^~
[2/2] Linking target openos-securityd
FAILED: [code=1] openos-securityd 
cc  -o openos-securityd openos-securityd.p/openos-securityd.c.o -Wl,--as-needed -Wl,--no-undefined -Wl,-O1 -Wl,--start-group /usr/lib/x86_64-linux-gnu/libsodium.so -Wl,--end-group
/usr/bin/ld: openos-securityd.p/openos-securityd.c.o: in function `logmsg':
openos-securityd.c:(.text+0x96): undefined reference to `va_start'
/usr/bin/ld: openos-securityd.c:(.text+0xb7): undefined reference to `va_end'
/usr/bin/ld: openos-securityd.p/openos-securityd.c.o: in function `handle_client':
openos-securityd.c:(.text+0x40f): undefined reference to `va_start'
/usr/bin/ld: openos-securityd.c:(.text+0x430): undefined reference to `va_end'
/usr/bin/ld: openos-securityd.c:(.text+0x51a): undefined reference to `va_start'
/usr/bin/ld: openos-securityd.c:(.text+0x53b): undefined reference to `va_end'
collect2: error: ld returned 1 exit status
ninja: build stopped: subcommand failed.
INFO: autodetecting backend as ninja
INFO: calculating backend command to run: /usr/local/bin/ninja -C /tmp/tmp.dfF9DWeRMO/build
```
