# openos-securityd 构建失败 (loong64)

- 仓库: OPENOS-dev/OPENOS-securityd
- 运行: https://github.com/OPENOS-dev/OPENOS-securityd/actions/runs/32000127312
- 提交: a69dc12653b5f32e4553104fb5300adda5bf9f28
- 时间: 2026-08-17T06:06:00Z

## 构建日志尾部
```
The Meson build system
Version: 1.3.2
Source dir: /home/runner/work/OPENOS-securityd/OPENOS-securityd
Build dir: /tmp/tmp.oRXWsvJC35/build
Build type: native build
Project name: openos-securityd
Project version: undefined
C compiler for the host machine: ccache cc (gcc 13.3.0 "cc (Ubuntu 13.3.0-6ubuntu2~24.04.1) 13.3.0")
C linker for the host machine: cc ld.bfd 2.42
Host machine cpu family: x86_64
Host machine cpu: x86_64
Found pkg-config: YES (/usr/bin/pkg-config) 1.8.1
Run-time dependency libsodium found: YES 1.0.18
Build targets in project: 1

openos-securityd undefined

  User defined options
    buildtype: release
    prefix   : /usr

Found ninja-1.13.2 at /usr/local/bin/ninja
ninja: Entering directory `/tmp/tmp.oRXWsvJC35/build'
[1/2] Compiling C object openos-securityd.p/openos-securityd.c.o
../../../home/runner/work/OPENOS-securityd/OPENOS-securityd/openos-securityd.c: In function ‘setup_socket’:
../../../home/runner/work/OPENOS-securityd/OPENOS-securityd/openos-securityd.c:260:21: warning: unused variable ‘st’ [-Wunused-variable]
  260 |         struct stat st;
      |                     ^~
In file included from /usr/include/stdio.h:980,
                 from /usr/include/sodium/crypto_onetimeauth_poly1305.h:12,
                 from /usr/include/sodium/crypto_onetimeauth.h:6,
                 from /usr/include/sodium.h:30,
                 from ../../../home/runner/work/OPENOS-securityd/OPENOS-securityd/openos-securityd.c:34:
In function ‘snprintf’,
    inlined from ‘verify_request’ at ../../../home/runner/work/OPENOS-securityd/OPENOS-securityd/openos-securityd.c:187:6,
    inlined from ‘handle_client’ at ../../../home/runner/work/OPENOS-securityd/OPENOS-securityd/openos-securityd.c:223:8:
/usr/include/x86_64-linux-gnu/bits/stdio2.h:54:10: warning: ‘__builtin_snprintf’ argument 4 overlaps destination object ‘h2’ [-Wrestrict]
   54 |   return __builtin___snprintf_chk (__s, __n, __USE_FORTIFY_LEVEL - 1,
      |          ^~~~~~~~~~~~~~~~~~~~~~~~~~~~~~~~~~~~~~~~~~~~~~~~~~~~~~~~~~~~
   55 |                                    __glibc_objsize (__s), __fmt,
      |                                    ~~~~~~~~~~~~~~~~~~~~~~~~~~~~~
   56 |                                    __va_arg_pack ());
      |                                    ~~~~~~~~~~~~~~~~~
../../../home/runner/work/OPENOS-securityd/OPENOS-securityd/openos-securityd.c: In function ‘handle_client’:
../../../home/runner/work/OPENOS-securityd/OPENOS-securityd/openos-securityd.c:221:14: note: destination object referenced by ‘restrict’-qualified argument 1 was declared here
  221 |         char h2[HASH_HEX_LEN + 1];
      |              ^~
[2/2] Linking target openos-securityd
INFO: autodetecting backend as ninja
INFO: calculating backend command to run: /usr/local/bin/ninja -C /tmp/tmp.oRXWsvJC35/build
ninja: Entering directory `/tmp/tmp.oRXWsvJC35/build'
ninja: no work to do.
Installing openos-securityd to /tmp/tmp.oRXWsvJC35/pkg/usr/bin
-rw-r--r-- 1 runner runner 5990 Aug 17 06:06 /tmp/tmp.oRXWsvJC35/openos-securityd-loong64-DEV2026.1.pkg.tar.zst
```
