# openos-uname 构建失败 (arm32)

- 仓库: OPENOS-dev/OPENOS-uname
- 运行: https://github.com/OPENOS-dev/OPENOS-uname/actions/runs/32000166247
- 提交: 8725eec7660c174f3fe88900c2f8f4f83b3b6097
- 时间: 2026-08-17T06:06:23Z

## 构建日志尾部
```
The Meson build system
Version: 1.3.2
Source dir: /home/runner/work/OPENOS-uname/OPENOS-uname
Build dir: /tmp/tmp.Wgn8pqMBvF/build
Build type: native build
Project name: openos-uname
Project version: undefined
Host machine cpu family: x86_64
Host machine cpu: x86_64
Build targets in project: 0

openos-uname undefined

  User defined options
    buildtype: release
    prefix   : /usr

Found ninja-1.13.2 at /usr/local/bin/ninja
ninja: Entering directory `/tmp/tmp.Wgn8pqMBvF/build'
ninja: no work to do.
INFO: autodetecting backend as ninja
INFO: calculating backend command to run: /usr/local/bin/ninja -C /tmp/tmp.Wgn8pqMBvF/build
ninja: Entering directory `/tmp/tmp.Wgn8pqMBvF/build'
ninja: no work to do.
Installing /home/runner/work/OPENOS-uname/OPENOS-uname/openos-uname.sh to /tmp/tmp.Wgn8pqMBvF/pkg/usr/bin
-rw-r--r-- 1 runner runner 1465 Aug 17 06:06 /tmp/tmp.Wgn8pqMBvF/openos-uname-arm32-DEV2026.1.pkg.tar.zst
```
