# openos-run 构建失败 (x86-64)

- 仓库: OPENOS-dev/OPENOS-run
- 运行: https://github.com/OPENOS-dev/OPENOS-run/actions/runs/32006961335
- 提交: 23075e3b7d60e948ed297232906abc2275ea982d
- 时间: 2026-08-17T07:42:53Z

## 构建日志尾部
```
The Meson build system
Version: 1.3.2
Source dir: /home/runner/work/OPENOS-run/OPENOS-run
Build dir: /tmp/tmp.ZykI0G7hss/build
Build type: native build
Project name: openos-run
Project version: DEV2026.1
C++ compiler for the host machine: ccache c++ (gcc 13.3.0 "c++ (Ubuntu 13.3.0-6ubuntu2~24.04.1) 13.3.0")
C++ linker for the host machine: c++ ld.bfd 2.42
Host machine cpu family: x86_64
Host machine cpu: x86_64
Found pkg-config: YES (/usr/bin/pkg-config) 1.8.1
Run-time dependency qt6 (modules: Core, Gui, Qml, Quick) found: YES 6.4.2 (pkg-config)
Detecting Qt6 tools
Run-time dependency qt6 (modules: Core) found: YES 6.4.2 (pkg-config)
Program /usr/lib/qt6/bin/moc found: NO
Program /usr/lib/qt6/libexec/moc found: YES 6.4.2 6.4.2 (/usr/lib/qt6/libexec/moc)
Program /usr/lib/qt6/bin/uic found: NO
Program /usr/lib/qt6/libexec/uic found: YES 6.4.2 6.4.2 (/usr/lib/qt6/libexec/uic)
Program /usr/lib/qt6/bin/rcc found: NO
Program /usr/lib/qt6/libexec/rcc found: YES 6.4.2 6.4.2 (/usr/lib/qt6/libexec/rcc)
Program /usr/lib/qt6/bin/lrelease found: NO
Program /usr/lib/qt6/libexec/lrelease found: NO
Program lrelease6 found: NO
Program lrelease-qt6 found: NO
Program lrelease found: NO
Build targets in project: 2

openos-run DEV2026.1

  User defined options
    buildtype: release
    prefix   : /usr

Found ninja-1.13.2 at /usr/local/bin/ninja
ninja: Entering directory `/tmp/tmp.ZykI0G7hss/build'
[1/7] Generating 'openos-run.p/moc_apps.cpp'
[2/7] Compiling Qt resources qt6-qml_qrc
[3/7] Compiling C++ object openos-run.p/meson-generated_.._qt6-qml_qrc.cpp.o
[4/7] Compiling C++ object openos-run.p/main.cpp.o
[5/7] Compiling C++ object openos-run.p/meson-generated_moc_apps.cpp.o
[6/7] Compiling C++ object openos-run.p/apps.cpp.o
[7/7] Linking target openos-run
INFO: autodetecting backend as ninja
INFO: calculating backend command to run: /usr/local/bin/ninja -C /tmp/tmp.ZykI0G7hss/build
ninja: Entering directory `/tmp/tmp.ZykI0G7hss/build'
ninja: no work to do.
Installing openos-run to /tmp/tmp.ZykI0G7hss/pkg/usr/bin
-rw-r--r-- 1 runner runner 35437 Aug 17 07:42 /tmp/tmp.ZykI0G7hss/openos-run-x86-64-DEV2026.1.pkg.tar.zst
```
