# openos-welcome 构建失败 (arm64)

- 仓库: OPENOS-dev/OPENOS-welcome
- 运行: https://github.com/OPENOS-dev/OPENOS-welcome/actions/runs/32612216324
- 提交: 3ce226cd8ec59c8bda6d54ad3ed757ed4b4fb5d1
- 时间: 2026-08-23T02:13:11Z

## 构建日志尾部
```
C++ linker for the host machine: c++ ld.bfd 2.42
Host machine cpu family: x86_64
Host machine cpu: x86_64
Found pkg-config: YES (/usr/bin/pkg-config) 1.8.1
Run-time dependency qt6 (modules: Core, Gui, Qml, Quick, Svg) found: YES 6.4.2 (pkg-config)
Detecting Qt6 tools
Run-time dependency qt6 (modules: Core) found: YES 6.4.2 (pkg-config)
Program /usr/lib/qt6/bin/moc found: NO
Program /usr/lib/qt6/libexec/moc found: YES 6.4.2 6.4.2 (/usr/lib/qt6/libexec/moc)
Program /usr/lib/qt6/bin/uic found: NO
Program /usr/lib/qt6/libexec/uic found: YES 6.4.2 6.4.2 (/usr/lib/qt6/libexec/uic)
Program /usr/lib/qt6/bin/rcc found: NO
Program /usr/lib/qt6/libexec/rcc found: YES 6.4.2 6.4.2 (/usr/lib/qt6/libexec/rcc)
Program /usr/lib/qt6/bin/lrelease found: NO
Program /usr/lib/qt6/libexec/lrelease found: NO
Program lrelease6 found: NO
Program lrelease-qt6 found: NO
Program lrelease found: NO
Build targets in project: 2

openos-welcome DEV2026.1

  User defined options
    buildtype: release
    prefix   : /usr

Found ninja-1.13.2 at /usr/local/bin/ninja
ninja: Entering directory `/tmp/tmp.lsLFm3jfIi/build'
[1/6] Compiling Qt resources qt6-qml_qrc
[2/6] Compiling C++ object openos-welcome.p/meson-generated_.._qt6-qml_qrc.cpp.o
[3/6] Compiling C++ object openos-welcome.p/main.cpp.o
FAILED: [code=1] openos-welcome.p/main.cpp.o 
ccache c++ -Iopenos-welcome.p -I. -I../../../home/runner/work/OPENOS-welcome/OPENOS-welcome -I/usr/include/x86_64-linux-gnu/qt6/QtCore -I/usr/include/x86_64-linux-gnu/qt6 -I/usr/lib/x86_64-linux-gnu/qt6/mkspecs/linux-g++ -I/usr/include/x86_64-linux-gnu/qt6/QtGui -I/usr/include/x86_64-linux-gnu/qt6/QtQml -I/usr/include/x86_64-linux-gnu/qt6/QtQmlIntegration -I/usr/include/x86_64-linux-gnu/qt6/QtNetwork -I/usr/include/x86_64-linux-gnu/qt6/QtQuick -I/usr/include/x86_64-linux-gnu/qt6/QtQmlModels -I/usr/include/x86_64-linux-gnu/qt6/QtOpenGL -I/usr/include/x86_64-linux-gnu/qt6/QtSvg -fdiagnostics-color=always -D_FILE_OFFSET_BITS=64 -Wall -Winvalid-pch -std=c++17 -O3 -DQT_SVG_LIB -DQT_QUICK_LIB -DQT_QMLMODELS_LIB -DQT_OPENGL_LIB -DQT_QML_LIB -DQT_QMLINTEGRATION_LIB -DQT_NETWORK_LIB -DQT_GUI_LIB -DQT_CORE_LIB -fPIC -MD -MQ openos-welcome.p/main.cpp.o -MF openos-welcome.p/main.cpp.o.d -o openos-welcome.p/main.cpp.o -c ../../../home/runner/work/OPENOS-welcome/OPENOS-welcome/main.cpp
In file included from ../../../home/runner/work/OPENOS-welcome/OPENOS-welcome/main.cpp:8:
../../../home/runner/work/OPENOS-welcome/OPENOS-welcome/iconprovider.h:18:12: error: ‘QImage IconProvider::requestImage(const QString&, QSize*, const QSize&, const QUrlQuery&)’ marked ‘override’, but does not override
   18 |     QImage requestImage(const QString& id, QSize* size,
      |            ^~~~~~~~~~~~
In file included from /usr/include/x86_64-linux-gnu/qt6/QtQuick/QQuickAsyncImageProvider:1,
                 from ../../../home/runner/work/OPENOS-welcome/OPENOS-welcome/iconprovider.h:13:
/usr/include/x86_64-linux-gnu/qt6/QtQuick/qquickimageprovider.h:72:20: warning: ‘virtual QImage QQuickImageProvider::requestImage(const QString&, QSize*, const QSize&)’ was hidden [-Woverloaded-virtual=]
   72 |     virtual QImage requestImage(const QString &id, QSize *size, const QSize& requestedSize);
      |                    ^~~~~~~~~~~~
../../../home/runner/work/OPENOS-welcome/OPENOS-welcome/iconprovider.h:18:12: note:   by ‘QImage IconProvider::requestImage(const QString&, QSize*, const QSize&, const QUrlQuery&)’
   18 |     QImage requestImage(const QString& id, QSize* size,
      |            ^~~~~~~~~~~~
../../../home/runner/work/OPENOS-welcome/OPENOS-welcome/main.cpp: In function ‘int main(int, char**)’:
../../../home/runner/work/OPENOS-welcome/OPENOS-welcome/main.cpp:15:58: error: invalid new-expression of abstract class type ‘IconProvider’
   15 |     engine.addImageProvider(QStringLiteral("icons"), new IconProvider);
      |                                                          ^~~~~~~~~~~~
../../../home/runner/work/OPENOS-welcome/OPENOS-welcome/iconprovider.h:16:7: note:   because the following virtual functions are pure within ‘IconProvider’:
   16 | class IconProvider : public QQuickAsyncImageProvider {
      |       ^~~~~~~~~~~~
/usr/include/x86_64-linux-gnu/qt6/QtQuick/qquickimageprovider.h:86:34: note:     ‘virtual QQuickImageResponse* QQuickAsyncImageProvider::requestImageResponse(const QString&, const QSize&)’
   86 |     virtual QQuickImageResponse *requestImageResponse(const QString &id, const QSize &requestedSize) = 0;
      |                                  ^~~~~~~~~~~~~~~~~~~~
[4/6] Compiling C++ object openos-welcome.p/iconloader.cpp.o
FAILED: [code=1] openos-welcome.p/iconloader.cpp.o 
ccache c++ -Iopenos-welcome.p -I. -I../../../home/runner/work/OPENOS-welcome/OPENOS-welcome -I/usr/include/x86_64-linux-gnu/qt6/QtCore -I/usr/include/x86_64-linux-gnu/qt6 -I/usr/lib/x86_64-linux-gnu/qt6/mkspecs/linux-g++ -I/usr/include/x86_64-linux-gnu/qt6/QtGui -I/usr/include/x86_64-linux-gnu/qt6/QtQml -I/usr/include/x86_64-linux-gnu/qt6/QtQmlIntegration -I/usr/include/x86_64-linux-gnu/qt6/QtNetwork -I/usr/include/x86_64-linux-gnu/qt6/QtQuick -I/usr/include/x86_64-linux-gnu/qt6/QtQmlModels -I/usr/include/x86_64-linux-gnu/qt6/QtOpenGL -I/usr/include/x86_64-linux-gnu/qt6/QtSvg -fdiagnostics-color=always -D_FILE_OFFSET_BITS=64 -Wall -Winvalid-pch -std=c++17 -O3 -DQT_SVG_LIB -DQT_QUICK_LIB -DQT_QMLMODELS_LIB -DQT_OPENGL_LIB -DQT_QML_LIB -DQT_QMLINTEGRATION_LIB -DQT_NETWORK_LIB -DQT_GUI_LIB -DQT_CORE_LIB -fPIC -MD -MQ openos-welcome.p/iconloader.cpp.o -MF openos-welcome.p/iconloader.cpp.o.d -o openos-welcome.p/iconloader.cpp.o -c ../../../home/runner/work/OPENOS-welcome/OPENOS-welcome/iconloader.cpp
../../../home/runner/work/OPENOS-welcome/OPENOS-welcome/iconloader.cpp: In member function ‘QUrl IconLoader::url(const QString&, int, const QString&, const QString&) const’:
../../../home/runner/work/OPENOS-welcome/OPENOS-welcome/iconloader.cpp:137:15: error: aggregate ‘QUrlQuery q’ has incomplete type and cannot be defined
  137 |     QUrlQuery q;
      |               ^
[5/6] Compiling C++ object openos-welcome.p/iconprovider.cpp.o
FAILED: [code=1] openos-welcome.p/iconprovider.cpp.o 
ccache c++ -Iopenos-welcome.p -I. -I../../../home/runner/work/OPENOS-welcome/OPENOS-welcome -I/usr/include/x86_64-linux-gnu/qt6/QtCore -I/usr/include/x86_64-linux-gnu/qt6 -I/usr/lib/x86_64-linux-gnu/qt6/mkspecs/linux-g++ -I/usr/include/x86_64-linux-gnu/qt6/QtGui -I/usr/include/x86_64-linux-gnu/qt6/QtQml -I/usr/include/x86_64-linux-gnu/qt6/QtQmlIntegration -I/usr/include/x86_64-linux-gnu/qt6/QtNetwork -I/usr/include/x86_64-linux-gnu/qt6/QtQuick -I/usr/include/x86_64-linux-gnu/qt6/QtQmlModels -I/usr/include/x86_64-linux-gnu/qt6/QtOpenGL -I/usr/include/x86_64-linux-gnu/qt6/QtSvg -fdiagnostics-color=always -D_FILE_OFFSET_BITS=64 -Wall -Winvalid-pch -std=c++17 -O3 -DQT_SVG_LIB -DQT_QUICK_LIB -DQT_QMLMODELS_LIB -DQT_OPENGL_LIB -DQT_QML_LIB -DQT_QMLINTEGRATION_LIB -DQT_NETWORK_LIB -DQT_GUI_LIB -DQT_CORE_LIB -fPIC -MD -MQ openos-welcome.p/iconprovider.cpp.o -MF openos-welcome.p/iconprovider.cpp.o.d -o openos-welcome.p/iconprovider.cpp.o -c ../../../home/runner/work/OPENOS-welcome/OPENOS-welcome/iconprovider.cpp
In file included from ../../../home/runner/work/OPENOS-welcome/OPENOS-welcome/iconprovider.cpp:1:
../../../home/runner/work/OPENOS-welcome/OPENOS-welcome/iconprovider.h:18:12: error: ‘QImage IconProvider::requestImage(const QString&, QSize*, const QSize&, const QUrlQuery&)’ marked ‘override’, but does not override
   18 |     QImage requestImage(const QString& id, QSize* size,
      |            ^~~~~~~~~~~~
In file included from /usr/include/x86_64-linux-gnu/qt6/QtQuick/QQuickAsyncImageProvider:1,
                 from ../../../home/runner/work/OPENOS-welcome/OPENOS-welcome/iconprovider.h:13:
/usr/include/x86_64-linux-gnu/qt6/QtQuick/qquickimageprovider.h:72:20: warning: ‘virtual QImage QQuickImageProvider::requestImage(const QString&, QSize*, const QSize&)’ was hidden [-Woverloaded-virtual=]
   72 |     virtual QImage requestImage(const QString &id, QSize *size, const QSize& requestedSize);
      |                    ^~~~~~~~~~~~
../../../home/runner/work/OPENOS-welcome/OPENOS-welcome/iconprovider.h:18:12: note:   by ‘QImage IconProvider::requestImage(const QString&, QSize*, const QSize&, const QUrlQuery&)’
   18 |     QImage requestImage(const QString& id, QSize* size,
      |            ^~~~~~~~~~~~
ninja: build stopped: subcommand failed.
INFO: autodetecting backend as ninja
INFO: calculating backend command to run: /usr/local/bin/ninja -C /tmp/tmp.lsLFm3jfIi/build
```
