# liboak 构建失败 (arm64)

- 仓库: OPENOS-dev/OPENOS-liboak
- 运行: https://github.com/OPENOS-dev/OPENOS-liboak/actions/runs/32000119486
- 提交: bb29999a932939fd0bbd4193c37a1e4ad06488ce
- 时间: 2026-08-17T06:04:54Z

## 构建日志尾部
```
The Meson build system
Version: 1.3.2
Source dir: /home/runner/work/OPENOS-liboak/OPENOS-liboak
Build dir: /tmp/tmp.OVhcmvc54t/build
Build type: native build
Project name: liboak
Project version: undefined
C compiler for the host machine: ccache cc (gcc 13.3.0 "cc (Ubuntu 13.3.0-6ubuntu2~24.04.1) 13.3.0")
C linker for the host machine: cc ld.bfd 2.42
Host machine cpu family: x86_64
Host machine cpu: x86_64
Found pkg-config: YES (/usr/bin/pkg-config) 1.8.1
Run-time dependency libsodium found: YES 1.0.18
Build targets in project: 1

liboak undefined

  User defined options
    buildtype: release
    prefix   : /usr

Found ninja-1.13.2 at /usr/local/bin/ninja
ninja: Entering directory `/tmp/tmp.OVhcmvc54t/build'
[1/2] Compiling C object liboak.a.p/liboak.c.o
../../../home/runner/work/OPENOS-liboak/OPENOS-liboak/liboak.c: In function ‘oak_send_recv’:
../../../home/runner/work/OPENOS-liboak/OPENOS-liboak/liboak.c:91:9: warning: ignoring return value of ‘write’ declared with attribute ‘warn_unused_result’ [-Wunused-result]
   91 |         write(fd, line, strlen(line));
      |         ^~~~~~~~~~~~~~~~~~~~~~~~~~~~~
[2/2] Linking static target liboak.a
INFO: autodetecting backend as ninja
INFO: calculating backend command to run: /usr/local/bin/ninja -C /tmp/tmp.OVhcmvc54t/build
ninja: Entering directory `/tmp/tmp.OVhcmvc54t/build'
ninja: no work to do.
Installing liboak.a to /tmp/tmp.OVhcmvc54t/pkg/usr/lib/x86_64-linux-gnu
Installing /home/runner/work/OPENOS-liboak/OPENOS-liboak/liboak.h to /tmp/tmp.OVhcmvc54t/pkg/usr/include
-rw-r--r-- 1 runner runner 4523 Aug 17 06:04 /tmp/tmp.OVhcmvc54t/liboak-arm64-DEV2026.1.pkg.tar.zst
```
