# openos-vmapp 构建失败 (x86-64)

- 仓库: OPENOS-dev/OPENOS-vmapp
- 运行: https://github.com/OPENOS-dev/OPENOS-vmapp/actions/runs/32368612725
- 提交: 6b59cc963e2f8f8be5365eb8877323885840fa5f
- 时间: 2026-08-20T12:24:13Z

## 构建日志尾部
```
The Meson build system
Version: 1.3.2
Source dir: /home/runner/work/OPENOS-vmapp/OPENOS-vmapp
Build dir: /tmp/tmp.ADg2GlUZpd/build
Build type: native build
Project name: openos-vmapp
Project version: DEV2026.1
C++ compiler for the host machine: ccache c++ (gcc 13.3.0 "c++ (Ubuntu 13.3.0-6ubuntu2~24.04.1) 13.3.0")
C++ linker for the host machine: c++ ld.bfd 2.42
Host machine cpu family: x86_64
Host machine cpu: x86_64
Found pkg-config: YES (/usr/bin/pkg-config) 1.8.1
qmake6 found: YES (/usr/bin/qmake6) 6.4.2
Could not find: Svg Qt6Svg in /usr/lib/x86_64-linux-gnu
Run-time dependency qt6 (modules: Core, Gui, Qml, Quick, Svg) found: NO (tried pkgconfig and config-tool)

meson.build:6:10: ERROR: Dependency "qt6" not found, tried pkgconfig and config-tool

A full log can be found at /tmp/tmp.ADg2GlUZpd/build/meson-logs/meson-log.txt
```
