# kernel 构建失败 (arm32)

- 仓库: OPENOS-dev/OPENOS-kernel
- 运行: https://github.com/OPENOS-dev/OPENOS-kernel/actions/runs/32445525954
- 提交: 7b3ea293fe006ff5932a6ec979249629ea2831c2
- 时间: 2026-08-21T04:09:05Z

## 构建日志尾部
```
/home/runner/work/OPENOS-kernel/OPENOS-kernel/linux-6.12.103/security/openos/oak_lsm.c: In function ‘oak_derive_key’:
/home/runner/work/OPENOS-kernel/OPENOS-kernel/linux-6.12.103/security/openos/oak_lsm.c:478:1: warning: the frame size of 1032 bytes is larger than 1024 bytes [-Wframe-larger-than=]
  478 | }
      | ^
/home/runner/work/OPENOS-kernel/OPENOS-kernel/linux-6.12.103/security/openos/oak_early.c: In function ‘oak_sha256’:
/home/runner/work/OPENOS-kernel/OPENOS-kernel/linux-6.12.103/security/openos/oak_early.c:107:9: error: implicit declaration of function ‘SHASH_DESC_ZERO_CLEAR’ [-Werror=implicit-function-declaration]
  107 |         SHASH_DESC_ZERO_CLEAR(desc);
      |         ^~~~~~~~~~~~~~~~~~~~~
/home/runner/work/OPENOS-kernel/OPENOS-kernel/linux-6.12.103/security/openos/oak_early.c: At top level:
/home/runner/work/OPENOS-kernel/OPENOS-kernel/linux-6.12.103/security/openos/oak_early.c:211:13: warning: no previous prototype for ‘openos_oak_early_init’ [-Wmissing-prototypes]
  211 | void __init openos_oak_early_init(void)
      |             ^~~~~~~~~~~~~~~~~~~~~
cc1: some warnings being treated as errors
make[5]: *** [/home/runner/work/OPENOS-kernel/OPENOS-kernel/linux-6.12.103/scripts/Makefile.build:229: security/openos/oak_early.o] Error 1
make[4]: *** [/home/runner/work/OPENOS-kernel/OPENOS-kernel/linux-6.12.103/scripts/Makefile.build:466: security/openos] Error 2
make[3]: *** [/home/runner/work/OPENOS-kernel/OPENOS-kernel/linux-6.12.103/scripts/Makefile.build:466: security] Error 2
make[3]: *** Waiting for unfinished jobs....
make[2]: *** [/home/runner/work/OPENOS-kernel/OPENOS-kernel/linux-6.12.103/Makefile:1967: .] Error 2
make[1]: *** [/home/runner/work/OPENOS-kernel/OPENOS-kernel/linux-6.12.103/Makefile:224: __sub-make] Error 2
make: *** [Makefile:224: __sub-make] Error 2
```
