# kernel 构建失败 (x86)

- 仓库: OPENOS-dev/OPENOS-kernel
- 运行: https://github.com/OPENOS-dev/OPENOS-kernel/actions/runs/32454269829
- 提交: 292053fd19635bfa6ca8d3aafc7ca1dacf9e3a8a
- 时间: 2026-08-21T06:30:29Z

## 构建日志尾部
```
/home/runner/work/OPENOS-kernel/OPENOS-kernel/linux-6.12.103/security/openos/vmapp.c:299:5: error: no previous prototype for ‘openos_vmapp_init’ [-Werror=missing-prototypes]
  299 | int openos_vmapp_init(void) { return vmapp_init(); }
      |     ^~~~~~~~~~~~~~~~~
/home/runner/work/OPENOS-kernel/OPENOS-kernel/linux-6.12.103/security/openos/vmapp.c:300:6: error: no previous prototype for ‘openos_vmapp_exit’ [-Werror=missing-prototypes]
  300 | void openos_vmapp_exit(void) { misc_deregister(&vmapp_dev); }
      |      ^~~~~~~~~~~~~~~~~
/home/runner/work/OPENOS-kernel/OPENOS-kernel/linux-6.12.103/security/openos/vmapp.c: In function ‘vmapp_ioctl’:
/home/runner/work/OPENOS-kernel/OPENOS-kernel/linux-6.12.103/security/openos/vmapp.c:270:1: error: the frame size of 4972 bytes is larger than 1024 bytes [-Werror=frame-larger-than=]
  270 | }
      | ^
cc1: all warnings being treated as errors
make[5]: *** [/home/runner/work/OPENOS-kernel/OPENOS-kernel/linux-6.12.103/scripts/Makefile.build:229: security/openos/vmapp.o] Error 1
make[4]: *** [/home/runner/work/OPENOS-kernel/OPENOS-kernel/linux-6.12.103/scripts/Makefile.build:466: security/openos] Error 2
make[3]: *** [/home/runner/work/OPENOS-kernel/OPENOS-kernel/linux-6.12.103/scripts/Makefile.build:466: security] Error 2
make[3]: *** Waiting for unfinished jobs....
make[2]: *** [/home/runner/work/OPENOS-kernel/OPENOS-kernel/linux-6.12.103/Makefile:1967: .] Error 2
make[1]: *** [/home/runner/work/OPENOS-kernel/OPENOS-kernel/linux-6.12.103/Makefile:224: __sub-make] Error 2
make: *** [Makefile:224: __sub-make] Error 2
```
