# openos-oak 构建失败 (x86-64)

- 仓库: OPENOS-dev/OPENOS-OAK
- 运行: https://github.com/OPENOS-dev/OPENOS-OAK/actions/runs/32368467210
- 提交: d239e21299936c9c03c39cf2b7982221af48d2c6
- 时间: 2026-08-20T12:22:32Z

## 构建日志尾部
```
The Meson build system
Version: 1.3.2
Source dir: /home/runner/work/OPENOS-OAK/OPENOS-OAK
Build dir: /tmp/tmp.rww8eoVwCf/build
Build type: native build
Project name: openos-oak
Project version: DEV2026.1
C++ compiler for the host machine: ccache c++ (gcc 13.3.0 "c++ (Ubuntu 13.3.0-6ubuntu2~24.04.1) 13.3.0")
C++ linker for the host machine: c++ ld.bfd 2.42
Host machine cpu family: x86_64
Host machine cpu: x86_64
Found pkg-config: YES (/usr/bin/pkg-config) 1.8.1
qmake6 found: YES (/usr/bin/qmake6) 6.4.2
Could not find: Svg Qt6Svg in /usr/lib/x86_64-linux-gnu
Run-time dependency qt6 (modules: Core, Gui, Qml, Quick, Svg) found: NO (tried pkgconfig and config-tool)

meson.build:7:10: ERROR: Dependency "qt6" not found, tried pkgconfig and config-tool

A full log can be found at /tmp/tmp.rww8eoVwCf/build/meson-logs/meson-log.txt
```
