# apt 构建失败 (x86-64)

- 仓库: OPENOS-dev/OPENOS-apt
- 运行: https://github.com/OPENOS-dev/OPENOS-apt/actions/runs/31998801641
- 提交: 7bec5ac3652fdb70ce74fc0ba644ff598df77399
- 时间: 2026-08-17T05:42:21Z

## 构建日志尾部
```
-- Performing Test have-compiler-flag:-Wp,-D_GLIBCXX_ASSERTIONS
-- Performing Test have-compiler-flag:-Wp,-D_GLIBCXX_ASSERTIONS - Success
-- Found Berkeley: /usr/include
-- Found OpenSSL: /usr/lib/x86_64-linux-gnu/libcrypto.so (found version "3.0.13")
-- Found ZLIB: /usr/lib/x86_64-linux-gnu/libz.so (found version "1.3")
-- Found BZip2: /usr/lib/x86_64-linux-gnu/libbz2.so (found version "1.0.8")
-- Looking for BZ2_bzCompressInit
-- Looking for BZ2_bzCompressInit - found
-- Found PkgConfig: /usr/bin/pkg-config (found version "1.8.1")
-- Checking for module 'liblzma'
--   Found liblzma, version 5.4.5
-- Found LZMA: /usr/include
-- Checking for module 'liblz4'
--   Found liblz4, version 1.9.4
-- Found LZ4: /usr/include
-- Checking for module 'libzstd'
--   Found libzstd, version 1.5.5
-- Found ZSTD: /usr/include
-- Checking for module 'libudev'
--   Found libudev, version 255
-- Found Udev: /usr/include
-- Checking for module 'libsystemd'
--   Found libsystemd, version 255
-- Found Systemd: /usr/include
-- Checking for module 'libseccomp'
--   Found libseccomp, version 2.5.5
-- Found SECCOMP: /usr/include
-- Checking for module 'libxxhash'
--   Found libxxhash, version 0.8.2
-- Found XXHASH: /usr/include
-- Looking for statfs
-- Looking for statfs - found
-- Looking for include file sys/params.h
-- Looking for include file sys/params.h - not found
-- Looking for statfs
-- Looking for statfs - not found
-- Looking for statvfs
-- Looking for statvfs - found
-- Performing Test HAVE_STRUCT_STATFS_F_TYPE
-- Performing Test HAVE_STRUCT_STATFS_F_TYPE - Success
-- Looking for getresuid
-- Looking for getresuid - found
-- Looking for getresgid
-- Looking for getresgid - found
-- Looking for setresuid
-- Looking for setresuid - found
-- Looking for setresgid
-- Looking for setresgid - found
-- Looking for ptsname_r
-- Looking for ptsname_r - found
-- Looking for timegm
-- Looking for timegm - found
-- Looking for include file machine/endian.h
-- Looking for include file machine/endian.h - not found
-- Looking for include file sys/endian.h
-- Looking for include file sys/endian.h - not found
-- Looking for include file endian.h
-- Looking for include file endian.h - found
-- Looking for C++ include sys/types.h
-- Looking for C++ include sys/types.h - found
-- Looking for C++ include stdint.h
-- Looking for C++ include stdint.h - found
-- Looking for C++ include stddef.h
-- Looking for C++ include stddef.h - found
-- Check size of sig_t
-- Check size of sig_t - done
-- Check size of sighandler_t
-- Check size of sighandler_t - done
-- Looking for res_ninit
-- Looking for res_ninit - not found
-- Found dpkg data dir: /usr/share/dpkg
-- Found root group: root
-- Detected vendor: ubuntu
-- Building libapt-pkg 7.0 (release 0)
-- Could NOT find GTest (missing: GTEST_LIBRARY GTEST_INCLUDE_DIR GTEST_MAIN_LIBRARY) 
CMake Error at test/libapt/CMakeLists.txt:29 (message):
  Could not find GTest


-- Configuring incomplete, errors occurred!
```
