# glibc 构建失败 (arm64)

- 仓库: OPENOS-dev/OPENOS-glibc
- 运行: https://github.com/OPENOS-dev/OPENOS-glibc/actions/runs/32571154857
- 提交: ae0eb55ae0dc0fd52e35476f4f24dc847da8a117
- 时间: 2026-08-22T11:56:39Z

## 构建日志尾部
```
  211 |   LOAD_ARGS_2 (x0, x1)                          \
      |   ^~~~~~~~~~~
../sysdeps/unix/sysv/linux/aarch64/sysdep.h:183:8: note: in expansion of macro ‘LOAD_ARGS_3’
  183 |        LOAD_ARGS_##nr (args)                                    \
      |        ^~~~~~~~~~
../sysdeps/unix/sysv/linux/aarch64/sysdep.h:193:9: note: in expansion of macro ‘INTERNAL_SYSCALL_RAW’
  193 |         INTERNAL_SYSCALL_RAW(SYS_ify(name), nr, args)
      |         ^~~~~~~~~~~~~~~~~~~~
../sysdeps/unix/sysdep.h:41:3: note: in expansion of macro ‘INTERNAL_SYSCALL’
   41 |   INTERNAL_SYSCALL (name, 3, a1, a2, a3)
      |   ^~~~~~~~~~~~~~~~
../sysdeps/unix/sysdep.h:30:37: note: in expansion of macro ‘__INTERNAL_SYSCALL3’
   30 | #define __SYSCALL_CONCAT_X(a,b)     a##b
      |                                     ^
../sysdeps/unix/sysdep.h:31:37: note: in expansion of macro ‘__SYSCALL_CONCAT_X’
   31 | #define __SYSCALL_CONCAT(a,b)       __SYSCALL_CONCAT_X (a, b)
      |                                     ^~~~~~~~~~~~~~~~~~
../sysdeps/unix/sysdep.h:55:3: note: in expansion of macro ‘__SYSCALL_CONCAT’
   55 |   __SYSCALL_CONCAT (b,__INTERNAL_SYSCALL_NARGS(__VA_ARGS__))(__VA_ARGS__)
      |   ^~~~~~~~~~~~~~~~
../sysdeps/unix/sysdep.h:61:3: note: in expansion of macro ‘__INTERNAL_SYSCALL_DISP’
   61 |   __INTERNAL_SYSCALL_DISP (__INTERNAL_SYSCALL, __VA_ARGS__)
      |   ^~~~~~~~~~~~~~~~~~~~~~~
../sysdeps/unix/sysv/linux/not-cancel.h:96:10: note: in expansion of macro ‘INTERNAL_SYSCALL_CALL’
   96 |   return INTERNAL_SYSCALL_CALL (getrandom, buf, buflen, flags);
      |          ^~~~~~~~~~~~~~~~~~~~~
../sysdeps/unix/sysv/linux/aarch64/sysdep.h:212:17: error: invalid register name for ‘_x2’
  212 |   register long _x2 asm ("x2") = _x2tmp;
      |                 ^~~
../sysdeps/unix/sysv/linux/aarch64/sysdep.h:183:8: note: in expansion of macro ‘LOAD_ARGS_3’
  183 |        LOAD_ARGS_##nr (args)                                    \
      |        ^~~~~~~~~~
../sysdeps/unix/sysv/linux/aarch64/sysdep.h:193:9: note: in expansion of macro ‘INTERNAL_SYSCALL_RAW’
  193 |         INTERNAL_SYSCALL_RAW(SYS_ify(name), nr, args)
      |         ^~~~~~~~~~~~~~~~~~~~
../sysdeps/unix/sysdep.h:41:3: note: in expansion of macro ‘INTERNAL_SYSCALL’
   41 |   INTERNAL_SYSCALL (name, 3, a1, a2, a3)
      |   ^~~~~~~~~~~~~~~~
../sysdeps/unix/sysdep.h:30:37: note: in expansion of macro ‘__INTERNAL_SYSCALL3’
   30 | #define __SYSCALL_CONCAT_X(a,b)     a##b
      |                                     ^
../sysdeps/unix/sysdep.h:31:37: note: in expansion of macro ‘__SYSCALL_CONCAT_X’
   31 | #define __SYSCALL_CONCAT(a,b)       __SYSCALL_CONCAT_X (a, b)
      |                                     ^~~~~~~~~~~~~~~~~~
../sysdeps/unix/sysdep.h:55:3: note: in expansion of macro ‘__SYSCALL_CONCAT’
   55 |   __SYSCALL_CONCAT (b,__INTERNAL_SYSCALL_NARGS(__VA_ARGS__))(__VA_ARGS__)
      |   ^~~~~~~~~~~~~~~~
../sysdeps/unix/sysdep.h:61:3: note: in expansion of macro ‘__INTERNAL_SYSCALL_DISP’
   61 |   __INTERNAL_SYSCALL_DISP (__INTERNAL_SYSCALL, __VA_ARGS__)
      |   ^~~~~~~~~~~~~~~~~~~~~~~
../sysdeps/unix/sysv/linux/not-cancel.h:96:10: note: in expansion of macro ‘INTERNAL_SYSCALL_CALL’
   96 |   return INTERNAL_SYSCALL_CALL (getrandom, buf, buflen, flags);
      |          ^~~~~~~~~~~~~~~~~~~~~
../sysdeps/unix/sysv/linux/aarch64/sysdep.h:184:22: error: invalid register name for ‘_x8’
  184 |        register long _x8 asm ("x8") = (name);                   \
      |                      ^~~
../sysdeps/unix/sysv/linux/aarch64/sysdep.h:193:9: note: in expansion of macro ‘INTERNAL_SYSCALL_RAW’
  193 |         INTERNAL_SYSCALL_RAW(SYS_ify(name), nr, args)
      |         ^~~~~~~~~~~~~~~~~~~~
../sysdeps/unix/sysdep.h:41:3: note: in expansion of macro ‘INTERNAL_SYSCALL’
   41 |   INTERNAL_SYSCALL (name, 3, a1, a2, a3)
      |   ^~~~~~~~~~~~~~~~
../sysdeps/unix/sysdep.h:30:37: note: in expansion of macro ‘__INTERNAL_SYSCALL3’
   30 | #define __SYSCALL_CONCAT_X(a,b)     a##b
      |                                     ^
../sysdeps/unix/sysdep.h:31:37: note: in expansion of macro ‘__SYSCALL_CONCAT_X’
   31 | #define __SYSCALL_CONCAT(a,b)       __SYSCALL_CONCAT_X (a, b)
      |                                     ^~~~~~~~~~~~~~~~~~
../sysdeps/unix/sysdep.h:55:3: note: in expansion of macro ‘__SYSCALL_CONCAT’
   55 |   __SYSCALL_CONCAT (b,__INTERNAL_SYSCALL_NARGS(__VA_ARGS__))(__VA_ARGS__)
      |   ^~~~~~~~~~~~~~~~
../sysdeps/unix/sysdep.h:61:3: note: in expansion of macro ‘__INTERNAL_SYSCALL_DISP’
   61 |   __INTERNAL_SYSCALL_DISP (__INTERNAL_SYSCALL, __VA_ARGS__)
      |   ^~~~~~~~~~~~~~~~~~~~~~~
../sysdeps/unix/sysv/linux/not-cancel.h:96:10: note: in expansion of macro ‘INTERNAL_SYSCALL_CALL’
   96 |   return INTERNAL_SYSCALL_CALL (getrandom, buf, buflen, flags);
      |          ^~~~~~~~~~~~~~~~~~~~~
make[2]: *** [/tmp/tmp.zv49SLnRlH/build/sysd-rules:451: /tmp/tmp.zv49SLnRlH/build/csu/libc-start.o] Error 1
make[1]: *** [Makefile:488: csu/subdir_lib] Error 2
make: *** [Makefile:20: all] Error 2
```
